// Jest Snapshot v1, https://goo.gl/fbAQLP

exports[`<Button /> should render the heading 1`] = `
.c0 {
  border: none;
  height: 4.3rem;
  -webkit-align-items: center;
  -webkit-box-align: center;
  -ms-flex-align: center;
  align-items: center;
  cursor: pointer;
  text-align: center;
  font-size: 1.8rem;
  font-weight: 600;
  border-radius: 0.4rem;
  background: #252160;
  width: 30rem;
  color: #FFFFFF;
}

<button
  class="c0"
  color="primary"
>
  <span>
    children
  </span>
</button>
`;
