// Jest Snapshot v1, https://goo.gl/fbAQLP

exports[`<Star /> should render the default configs 1`] = `
.c0 {
  display: -webkit-box;
  display: -webkit-flex;
  display: -ms-flexbox;
  display: flex;
  background-color: #3AFFE5;
  position: relative;
  text-align: center;
  -webkit-box-pack: center;
  -webkit-justify-content: center;
  -ms-flex-pack: center;
  justify-content: center;
  width: 10rem;
  height: 10rem;
  color: #252160;
}

.c0:before {
  content: '';
  position: absolute;
  background-color: #3AFFE5;
  -webkit-transform: rotate(30deg);
  -ms-transform: rotate(30deg);
  transform: rotate(30deg);
  width: 10rem;
  height: 10rem;
}

.c0:after {
  content: '';
  position: absolute;
  background-color: #3AFFE5;
  -webkit-transform: rotate(-30deg);
  -ms-transform: rotate(-30deg);
  transform: rotate(-30deg);
  width: 10rem;
  height: 10rem;
}

.c1 {
  -webkit-align-self: center;
  -ms-flex-item-align: center;
  align-self: center;
  -webkit-transform: rotate(20deg);
  -ms-transform: rotate(20deg);
  transform: rotate(20deg);
  z-index: 10;
}

.c2 {
  -webkit-align-self: center;
  -ms-flex-item-align: center;
  align-self: center;
  font-size: 2.0rem;
  font-weight: 800;
  z-index: 10;
}

.c3 {
  font-weight: 300;
  font-size: 0.8rem;
  z-index: 10;
}

@media (min-width:768px) {
  .c2 {
    font-size: 4rem;
  }
}

@media (min-width:768px) {
  .c3 {
    font-size: 1.6rem;
  }
}

<div
  aria-label="star"
  class="c0"
  color="secundary"
>
  <div
    class="c1"
  >
    <span
      class="c2"
    >
      70%
    </span>
    <p
      class="c3"
    >
      de desconto
    </p>
  </div>
</div>
`;
